
There are no discarded input sections

Memory Configuration

Name             Origin             Length             Attributes
flash            0x08000000         0x00020000         xr
sram             0x20000000         0x00005000         xrw
*default*        0x00000000         0xffffffff

Linker script and memory map

LOAD startup.o
LOAD app.o

.text           0x08000000      0x12b
 *(.vectors*)
 .vectors       0x08000000       0x1c startup.o
                0x08000000                vector
 *(.text*)
 .text          0x0800001c       0x90 startup.o
                0x0800001c                Bus_fault_Handler
                0x0800001c                MM_fault_Handler
                0x0800001c                Usage_fault_Handler
                0x0800001c                H_fault_Handler
                0x0800001c                Default_Handler
                0x0800001c                NMI_Handler
                0x08000028                Reset_Handler
 .text          0x080000ac       0x7c app.o
                0x080000ac                main
 *(.rodata*)
 .rodata        0x08000128        0x3 app.o
                0x08000128                const_var
                0x0800012b                        _E_text = .

.glue_7         0x0800012c        0x0
 .glue_7        0x0800012c        0x0 linker stubs

.glue_7t        0x0800012c        0x0
 .glue_7t       0x0800012c        0x0 linker stubs

.vfp11_veneer   0x0800012c        0x0
 .vfp11_veneer  0x0800012c        0x0 linker stubs

.v4_bx          0x0800012c        0x0
 .v4_bx         0x0800012c        0x0 linker stubs

.iplt           0x0800012c        0x0
 .iplt          0x0800012c        0x0 startup.o

.rel.dyn        0x0800012c        0x0
 .rel.iplt      0x0800012c        0x0 startup.o

.data           0x20000000        0x3 load address 0x0800012b
                0x20000000                        _S_data = .
 *(.data*)
 .data          0x20000000        0x0 startup.o
 .data          0x20000000        0x3 app.o
                0x20000000                g_var
                0x20000003                        _E_data = .

.igot.plt       0x20000004        0x0 load address 0x0800012e
 .igot.plt      0x20000004        0x0 startup.o

.bss            0x20000003     0x1001 load address 0x0800012e
                0x20000003                        _S_bss = .
 *(.bss*)
 .bss           0x20000003        0x0 startup.o
 .bss           0x20000003        0x0 app.o
                0x20000004                        . = ALIGN (0x4)
 *fill*         0x20000003        0x1 
                0x20000004                        _E_bss = .
                0x20000004                        . = ALIGN (0x4)
                0x20001004                        . = (. + 0x1000)
 *fill*         0x20000004     0x1000 
                0x20001004                        _stacktop = .
OUTPUT(Toggle_Led_cortex_M3.elf elf32-littlearm)
LOAD linker stubs

.debug_info     0x00000000      0x2f8
 .debug_info    0x00000000      0x1c8 startup.o
 .debug_info    0x000001c8      0x130 app.o

.debug_abbrev   0x00000000      0x19f
 .debug_abbrev  0x00000000       0xf9 startup.o
 .debug_abbrev  0x000000f9       0xa6 app.o

.debug_loc      0x00000000       0xb4
 .debug_loc     0x00000000       0x7c startup.o
 .debug_loc     0x0000007c       0x38 app.o

.debug_aranges  0x00000000       0x40
 .debug_aranges
                0x00000000       0x20 startup.o
 .debug_aranges
                0x00000020       0x20 app.o

.debug_line     0x00000000      0x2c9
 .debug_line    0x00000000      0x16e startup.o
 .debug_line    0x0000016e      0x15b app.o

.debug_str      0x00000000      0x1af
 .debug_str     0x00000000      0x1af startup.o
                                0x1d2 (size before relaxing)
 .debug_str     0x000001af      0x167 app.o

.comment        0x00000000       0x45
 .comment       0x00000000       0x45 startup.o
                                 0x46 (size before relaxing)
 .comment       0x00000045       0x46 app.o

.ARM.attributes
                0x00000000       0x2d
 .ARM.attributes
                0x00000000       0x2d startup.o
 .ARM.attributes
                0x0000002d       0x2d app.o

.debug_frame    0x00000000       0x7c
 .debug_frame   0x00000000       0x50 startup.o
 .debug_frame   0x00000050       0x2c app.o
