
There are no discarded input sections

Memory Configuration

Name             Origin             Length             Attributes
flash            0x00000000         0x20000000         xr
sram             0x20000000         0x20000000         xrw
*default*        0x00000000         0xffffffff

Linker script and memory map

LOAD startup.o
LOAD app.o

.text           0x00000000      0x154
 *(.vectors*)
 .vectors       0x00000000       0x1c startup.o
                0x00000000                vector_func
 *(.text*)
 .text          0x0000001c       0x90 startup.o
                0x0000001c                Bus_fault_Handler
                0x0000001c                MM_fault_Handler
                0x0000001c                Usage_fault_Handler
                0x0000001c                H_fault_Handler
                0x0000001c                Default_Handler
                0x0000001c                NMI_Handler
                0x00000028                Reset_Handler
 .text          0x000000ac       0xa8 app.o
                0x000000ac                main
 *(.rodata*)
                0x00000154                        _E_text = .

.glue_7         0x00000154        0x0
 .glue_7        0x00000154        0x0 linker stubs

.glue_7t        0x00000154        0x0
 .glue_7t       0x00000154        0x0 linker stubs

.vfp11_veneer   0x00000154        0x0
 .vfp11_veneer  0x00000154        0x0 linker stubs

.v4_bx          0x00000154        0x0
 .v4_bx         0x00000154        0x0 linker stubs

.iplt           0x00000154        0x0
 .iplt          0x00000154        0x0 startup.o

.rel.dyn        0x00000154        0x0
 .rel.iplt      0x00000154        0x0 startup.o

.data           0x20000000        0x0 load address 0x00000154
                0x20000000                        _S_data = .
 *(.data*)
 .data          0x20000000        0x0 startup.o
 .data          0x20000000        0x0 app.o
                0x20000000                        _E_data = .

.igot.plt       0x20000000        0x0 load address 0x00000154
 .igot.plt      0x20000000        0x0 startup.o

.bss            0x20000000      0x408 load address 0x00000154
                0x20000000                        _S_bss = .
 *(.bss*)
 .bss           0x20000000      0x404 startup.o
                0x20000000                size_t
 .bss           0x20000404        0x4 app.o
                0x20000404                count
                0x20000408                        . = ALIGN (0x4)
                0x20000408                        _E_bss = .
OUTPUT(Toggle_Led_cortex_M4.elf elf32-littlearm)
LOAD linker stubs

.debug_info     0x00000000      0x2d0
 .debug_info    0x00000000      0x20b startup.o
 .debug_info    0x0000020b       0xc5 app.o

.debug_abbrev   0x00000000      0x182
 .debug_abbrev  0x00000000      0x113 startup.o
 .debug_abbrev  0x00000113       0x6f app.o

.debug_loc      0x00000000       0xa8
 .debug_loc     0x00000000       0x7c startup.o
 .debug_loc     0x0000007c       0x2c app.o

.debug_aranges  0x00000000       0x40
 .debug_aranges
                0x00000000       0x20 startup.o
 .debug_aranges
                0x00000020       0x20 app.o

.debug_line     0x00000000      0x2dd
 .debug_line    0x00000000      0x16e startup.o
 .debug_line    0x0000016e      0x16f app.o

.debug_str      0x00000000      0x1b2
 .debug_str     0x00000000      0x1b2 startup.o
                                0x1df (size before relaxing)
 .debug_str     0x000001b2      0x161 app.o

.comment        0x00000000       0x45
 .comment       0x00000000       0x45 startup.o
                                 0x46 (size before relaxing)
 .comment       0x00000045       0x46 app.o

.ARM.attributes
                0x00000000       0x2e
 .ARM.attributes
                0x00000000       0x2e startup.o
 .ARM.attributes
                0x0000002e       0x2e app.o

.debug_frame    0x00000000       0x78
 .debug_frame   0x00000000       0x50 startup.o
 .debug_frame   0x00000050       0x28 app.o
