21:47:30 **** Incremental Build of configuration Debug for project Led_Toggle ****
make -j20 all 
arm-none-eabi-gcc "../Src/main.c" -mcpu=cortex-m3 -std=gnu11 -g3 -DSTM32 -DSTM32F1 -DSTM32F103C6Tx -DDEBUG -c -I../Inc -O0 -ffunction-sections -fdata-sections -Wall -fstack-usage -MMD -MP -MF"Src/main.d" -MT"Src/main.o" --specs=nano.specs -mfloat-abi=soft -mthumb -o "Src/main.o"
arm-none-eabi-gcc -o "Led_Toggle.elf" @"objects.list"   -mcpu=cortex-m3 -T"D:\learn_in_depth_git\Embedded_C\Lecture_1\lab1\STM32F103C6TX_FLASH.ld" --specs=nosys.specs -Wl,-Map="Led_Toggle.map" -Wl,--gc-sections -static --specs=nano.specs -mfloat-abi=soft -mthumb -Wl,--start-group -lc -lm -Wl,--end-group
Finished building target: Led_Toggle.elf
 
arm-none-eabi-objdump -h -S  Led_Toggle.elf  > "Led_Toggle.list"
arm-none-eabi-objcopy  -O ihex  Led_Toggle.elf  "Led_Toggle.hex"
arm-none-eabi-objcopy  -O binary  Led_Toggle.elf  "Led_Toggle.bin"
arm-none-eabi-size   Led_Toggle.elf 
   text	   data	    bss	    dec	    hex	filename
    672	      8	   1568	   2248	    8c8	Led_Toggle.elf
Finished building: default.size.stdout
Finished building: Led_Toggle.hex
Finished building: Led_Toggle.bin
Finished building: Led_Toggle.list
 
 
 
 

21:47:31 Build Finished. 0 errors, 0 warnings. (took 415ms)

